
> wareb-next-platform@1.0.0 build
> next build

  Γû▓ Next.js 14.2.35
  - Environments: .env.local, .env
  - Experiments (use with caution):
    ┬╖ cpus

   Creating an optimized production build ...
 Γ£ô Compiled successfully
   Linting and checking validity of types ...
node.exe : 
At line:1 char:1
+ & "C:\Program Files\nodejs/node.exe" "C:\Program Files\nodejs/node_mo ...
+ ~~~~~~~~~~~~~~~~~~~~~~~~~~~~~~~~~~~~~~~~~~~~~~~~~~~~~~~~~~~~~~~~~~~~~
    + CategoryInfo          : NotSpecified: (:String) [], RemoteException
    + FullyQualifiedErrorId : NativeCommandError
 
Failed to compile.

./app/(admin)/admin/dashboard/page.js
132:55  Error: `'` can be escaped with `&apos;`, `&lsquo;`, `&#39;`, `&rsquo;`.  react/no-unescaped-entities

./components/BannerCrud.js
75:17  Warning: Using `<img>` could result in slower LCP and higher bandwidth. Consider using `<Image />` from 
`next/image` to automatically optimize images. This may incur additional usage or cost from your provider. See: 
https://nextjs.org/docs/messages/no-img-element  @next/next/no-img-element

./components/ProductCrud.js
123:21  Warning: Using `<img>` could result in slower LCP and higher bandwidth. Consider using `<Image />` from 
`next/image` to automatically optimize images. This may incur additional usage or cost from your provider. See: 
https://nextjs.org/docs/messages/no-img-element  @next/next/no-img-element

./components/ProfileForm.js
73:17  Warning: Using `<img>` could result in slower LCP and higher bandwidth. Consider using `<Image />` from 
`next/image` to automatically optimize images. This may incur additional usage or cost from your provider. See: 
https://nextjs.org/docs/messages/no-img-element  @next/next/no-img-element

info  - Need to disable some ESLint rules? Learn more here: 
https://nextjs.org/docs/basic-features/eslint#disabling-rules
